../Core/Src/main.c:108:5:main	16	static
../Core/Src/main.c:205:6:SystemClock_Config	88	static
../Core/Src/main.c:247:13:MX_UART5_Init	8	static
../Core/Src/main.c:280:13:MX_GPIO_Init	48	static
../Core/Src/main.c:310:6:Battery_Init	4	static
../Core/Src/main.c:327:6:HAL_UART_RxCpltCallback	24	static,ignoring_inline_asm
../Core/Src/main.c:351:6:vOTARecvTask	24	static
../Core/Src/main.c:419:6:StartDefaultTask	16	static
../Core/Src/main.c:440:6:StartBatterySimTask	16	static
../Core/Src/main.c:495:6:HAL_TIM_PeriodElapsedCallback	16	static
../Core/Src/main.c:513:6:Error_Handler	4	static,ignoring_inline_asm
