12:48:18 **** Incremental Build of configuration Debug for project App2_GreenLED ****
make -j12 all 
arm-none-eabi-gcc "../Src/main.c" -mcpu=cortex-m4 -std=gnu11 -g3 -DDEBUG -DSTM32 -DSTM32F4 -DSTM32F407VGTx -c -I../Inc -O0 -ffunction-sections -fdata-sections -Wall -fstack-usage -fcyclomatic-complexity -MMD -MP -MF"Src/main.d" -MT"Src/main.o" --specs=nano.specs -mfpu=fpv4-sp-d16 -mfloat-abi=hard -mthumb -o "Src/main.o"
arm-none-eabi-gcc -o "App2_GreenLED.elf" @"objects.list"   -mcpu=cortex-m4 -T"D:\STM32\Project\App2_GreenLED\STM32F407VGTX_FLASH.ld" --specs=nosys.specs -Wl,-Map="App2_GreenLED.map" -Wl,--gc-sections -static --specs=nano.specs -mfpu=fpv4-sp-d16 -mfloat-abi=hard -mthumb -Wl,--start-group -lc -lm -Wl,--end-group
Finished building target: App2_GreenLED.elf
 
arm-none-eabi-size  App2_GreenLED.elf 
arm-none-eabi-objdump -h -S App2_GreenLED.elf  > "App2_GreenLED.list"
   text	   data	    bss	    dec	    hex	filename
    776	      0	   1568	   2344	    928	App2_GreenLED.elf
Finished building: default.size.stdout
 
Finished building: App2_GreenLED.list
 

12:48:18 Build Finished. 0 errors, 0 warnings. (took 459ms)

