13:18:54 **** Incremental Build of configuration Debug for project App1_Bootloader ****
make -j12 all 
arm-none-eabi-gcc "../Src/main.c" -mcpu=cortex-m4 -std=gnu11 -g3 -DDEBUG -DSTM32 -DSTM32F4 -DSTM32F407VGTx -c -I../Inc -O0 -ffunction-sections -fdata-sections -Wall -fstack-usage -fcyclomatic-complexity -MMD -MP -MF"Src/main.d" -MT"Src/main.o" --specs=nano.specs -mfpu=fpv4-sp-d16 -mfloat-abi=hard -mthumb -o "Src/main.o"
arm-none-eabi-gcc -o "App1_Bootloader.elf" @"objects.list"   -mcpu=cortex-m4 -T"D:\STM32\Project\App1_Bootloader\STM32F407VGTX_FLASH.ld" --specs=nosys.specs -Wl,-Map="App1_Bootloader.map" -Wl,--gc-sections -static --specs=nano.specs -mfpu=fpv4-sp-d16 -mfloat-abi=hard -mthumb -Wl,--start-group -lc -lm -Wl,--end-group
Finished building target: App1_Bootloader.elf
 
arm-none-eabi-size  App1_Bootloader.elf 
arm-none-eabi-objdump -h -S App1_Bootloader.elf  > "App1_Bootloader.list"
   text	   data	    bss	    dec	    hex	filename
    964	      0	   1568	   2532	    9e4	App1_Bootloader.elf
Finished building: default.size.stdout
 
Finished building: App1_Bootloader.list
 
13:19:05 **** Incremental Build of configuration Debug for project App1_Bootloader ****
make -j12 all 
arm-none-eabi-size  App1_Bootloader.elf 
   text	   data	    bss	    dec	    hex	filename
    964	      0	   1568	   2532	    9e4	App1_Bootloader.elf
Finished building: default.size.stdout
 
13:20:03 **** Incremental Build of configuration Debug for project App1_Bootloader ****
make -j12 all 
arm-none-eabi-size  App1_Bootloader.elf 
   text	   data	    bss	    dec	    hex	filename
    964	      0	   1568	   2532	    9e4	App1_Bootloader.elf
Finished building: default.size.stdout
 
